Microchip MPLAB XC8 Compiler V2.40

Linker command line:

-W-3 \
  --edf=C:\Program Files\Microchip\xc8\v2.40\pic\dat\20220703182018_en.msgs \
  -cn -h+dist/default/production\ED2_Lab_02.X.production.sym \
  --cmf=dist/default/production\ED2_Lab_02.X.production.cmf -z -Q16F887 \
  -oC:\Users\Gabriel\AppData\Local\Temp\xcAsltg.4 --defsym=__MPLAB_BUILD=1 \
  --fixupoverflow=error \
  -Mdist/default/production/ED2_Lab_02.X.production.map \
  --md=C:\Users\Gabriel\AppData\Local\Temp\xcAsltg.dat -E1 \
  -ver=XC8 Compiler --acfsm=1493 -ACODE=00h-07FFhx4 -ASTRCODE=00h-01FFFh \
  -ASTRING=00h-0FFhx32 -ACONST=00h-0FFhx32 -AENTRY=00h-0FFhx32 \
  -ACOMMON=070h-07Fh -ABANK0=020h-06Fh -ABANK1=0A0h-0EFh \
  -ABANK2=0110h-016Fh -ABANK3=0190h-01EFh \
  -ARAM=020h-06Fh,0A0h-0EFh,0110h-016Fh,0190h-01EFh \
  -AABS1=020h-07Fh,0A0h-0EFh,0110h-016Fh,0190h-01EFh -ASFR0=00h-01Fh \
  -ASFR1=080h-09Fh -ASFR2=0100h-010Fh -ASFR3=0180h-018Fh \
  -ACONFIG=02007h-02008h -DCONFIG=2 -AIDLOC=02000h-02003h -DIDLOC=2 \
  -AEEDATA=00h-0FFh/02100h -peeprom_data=EEDATA -DEEDATA=2 -DCODE=2 \
  -DSTRCODE=2 -DSTRING=2 -DCONST=2 -DENTRY=2 \
  -preset_vec=00h,intentry=04h,init,end_init -ppowerup=CODE -pcinit=CODE \
  -pfunctab=ENTRY -k C:\Users\Gabriel\AppData\Local\Temp\xcAsltg.o \
  dist/default/production\ED2_Lab_02.X.production.o 

Object code version is 3.11

Machine type is 16F887



                Name                               Link     Load   Length Selector   Space Scale
C:\Users\Gabriel\AppData\Local\Temp\xcAsltg.o
                end_init                              C        C        3        8       0
                reset_vec                             0        0        3        0       0
                config                             2007     2007        2        0       4
                idloc                              2000     2000        4        0       5
dist/default/production\ED2_Lab_02.X.production.o
                cinit                                 F        F        C        8       0
                intentry                              4        4        8        8       0
                config                             2007     2007        2        0       4
                idloc                              2000     2000        4        0       5
                text14                              42A      42A        A      854       0
                text13                              3E6      3E6       19        8       0
                text12                              3AA      3AA       20        8       0
                text11                              3CA      3CA       1C        8       0
                text10                              413      413        D        8       0
                text9                               21C      21C       62        8       0
                text8                               2D9      2D9       4C        8       0
                text7                               325      325       39        8       0
                text6                               35E      35E       29        8       0
                text5                               1B3      1B3       69        8       0
                text4                               27E      27E       5B        8       0
                text3                                1B       1B       F9        8       0
                text2                               387      387       23        8       0
                text1                               3FF      3FF       14        8       0
                maintext                            114      114       9F        8       0
                cstackBANK0                          20       20       12       20       1
                cstackCOMMON                         70       70        6       70       1
                bssBANK0                             32       32        2       20       1
                bssCOMMON                            76       76        4       70       1
                strings                             420      420        A      840       0

TOTAL           Name                               Link     Load   Length     Space
        CLASS   CODE           
                end_init                              C        C        3         0
                cinit                                 F        F        C         0
                intentry                              4        4        8         0
                reset_vec                             0        0        3         0
                text14                              42A      42A        A         0
                text13                              3E6      3E6       19         0
                text12                              3AA      3AA       20         0
                text11                              3CA      3CA       1C         0
                text10                              413      413        D         0
                text9                               21C      21C       62         0
                text8                               2D9      2D9       4C         0
                text7                               325      325       39         0
                text6                               35E      35E       29         0
                text5                               1B3      1B3       69         0
                text4                               27E      27E       5B         0
                text3                                1B       1B       F9         0
                text2                               387      387       23         0
                text1                               3FF      3FF       14         0
                maintext                            114      114       9F         0

        CLASS   STRCODE        

        CLASS   STRING         
                strings                             420      420        A         0

        CLASS   CONST          

        CLASS   ENTRY          

        CLASS   COMMON         
                cstackCOMMON                         70       70        6         1
                bssCOMMON                            76       76        4         1

        CLASS   BANK0          
                cstackBANK0                          20       20       12         1
                bssBANK0                             32       32        2         1

        CLASS   BANK1          

        CLASS   BANK2          

        CLASS   BANK3          

        CLASS   RAM            

        CLASS   ABS1           
                abs_s1                               7E       7E        2         1

        CLASS   SFR0           

        CLASS   SFR1           

        CLASS   SFR2           

        CLASS   SFR3           

        CLASS   CONFIG         
                config                             2007     2007        2         4

        CLASS   IDLOC          
                idloc                              2000     2000        4         5

        CLASS   EEDATA         

        CLASS   STACK          



SEGMENTS        Name                           Load    Length   Top    Selector   Space  Class     Delta

                reset_vec                      000000  000003  000003         0       0  CODE        2
                intentry                       000004  00041C  000420         8       0  CODE        2
                cstackBANK0                    000020  000014  000034        20       1  BANK0       1
                cstackCOMMON                   000070  00000A  00007A        70       1  COMMON      1
                strings                        000420  00000A  00042A       840       0  STRING      2
                text14                         00042A  00000A  000434       854       0  CODE        2


UNUSED ADDRESS RANGES

        Name                Unused          Largest block    Delta
        BANK0            0034-006F             3C           1
        BANK1            00A0-00EF             50           1
        BANK2            0110-016F             60           1
        BANK3            0190-01EF             60           1
        CODE             0003-0003              1           2
                         0434-1FFF            800
        COMMON           007A-007D              4           1
        CONST            0003-0003              1           2
                         0434-1FFF            100
        EEDATA           2100-21FF            100           2
        ENTRY            0003-0003              1           2
                         0434-1FFF            100
        RAM              0034-006F             3C           1
                         00A0-00EF             50
                         0110-016F             60
                         0190-01EF             60
        SFR0             0000-001F             20           1
        SFR1             0080-009F             20           1
        SFR2             0100-010F             10           1
        SFR3             0180-018F             10           1
        STRCODE          0003-0003              1           2
                         0434-1FFF           1BCC
        STRING           0003-0003              1           2
                         0434-1FFF            100

                                  Symbol Table

?___awdiv                   cstackBANK0  0020
?___awmod                   cstackBANK0  0029
?_adc_read                  cstackCOMMON 0070
Lcd_Cmd@a                   cstackBANK0  0023
Lcd_Port@a                  cstackBANK0  0020
Lcd_Set_Cursor@a            cstackBANK0  0026
Lcd_Set_Cursor@b            cstackBANK0  0024
Lcd_Set_Cursor@temp         cstackBANK0  0029
Lcd_Set_Cursor@y            cstackBANK0  0028
Lcd_Set_Cursor@z            cstackBANK0  0027
Lcd_Write_Char@a            cstackBANK0  0024
Lcd_Write_Char@temp         cstackBANK0  0022
Lcd_Write_Char@y            cstackBANK0  0023
Lcd_Write_String@a          cstackBANK0  0025
Lcd_Write_String@i          cstackBANK0  0026
_ADCON0bits                 (abs)        001F
_ADCON1bits                 (abs)        009F
_ADRESH                     (abs)        001E
_ANSEL                      (abs)        0188
_ANSELH                     (abs)        0189
_INTCONbits                 (abs)        000B
_Lcd_Clear                  text10       0413
_Lcd_Cmd                    text11       03CA
_Lcd_Init                   text9        021C
_Lcd_Port                   text12       03AA
_Lcd_Set_Cursor             text8        02D9
_Lcd_Write_Char             text7        0325
_Lcd_Write_String           text6        035E
_OSCCONbits                 (abs)        008F
_PIE1bits                   (abs)        008C
_PIR1bits                   (abs)        000C
_PORTA                      (abs)        0005
_PORTB                      (abs)        0006
_PORTBbits                  (abs)        0006
_PORTC                      (abs)        0007
_PORTD                      (abs)        0008
_PORTDbits                  (abs)        0008
_PORTE                      (abs)        0009
_RD3                        (abs)        0043
_RD4                        (abs)        0044
_RD5                        (abs)        0045
_RD6                        (abs)        0046
_RD7                        (abs)        0047
_TRISC                      (abs)        0087
_TRISD                      (abs)        0088
_TRISE                      (abs)        0089
__Habs1                     abs1         0000
__Hbank0                    bank0        0000
__Hbank1                    bank1        0000
__Hbank2                    bank2        0000
__Hbank3                    bank3        0000
__HbssBANK0                 bssBANK0     0000
__HbssCOMMON                bssCOMMON    0000
__Hcinit                    cinit        001B
__Hclrtext                  clrtext      0000
__Hcode                     code         0000
__Hcommon                   common       0000
__Hconfig                   config       2009
__HcstackBANK0              cstackBANK0  0000
__HcstackCOMMON             cstackCOMMON 0000
__Heeprom_data              eeprom_data  0000
__Hend_init                 end_init     000F
__Hfunctab                  functab      0000
__Hidloc                    idloc        2004
__Hinit                     init         000C
__Hintentry                 intentry     000C
__Hmaintext                 maintext     0000
__Hpowerup                  powerup      0000
__Hram                      ram          0000
__Hreset_vec                reset_vec    0003
__Hsfr0                     sfr0         0000
__Hsfr1                     sfr1         0000
__Hsfr2                     sfr2         0000
__Hsfr3                     sfr3         0000
__Hspace_0                  (abs)        0434
__Hspace_1                  (abs)        007A
__Hspace_2                  (abs)        0000
__Hspace_3                  (abs)        0000
__Hspace_4                  (abs)        4010
__Hstack                    stack        0000
__Hstrings                  strings      0000
__Htext                     text         0000
__Labs1                     abs1         0000
__Lbank0                    bank0        0000
__Lbank1                    bank1        0000
__Lbank2                    bank2        0000
__Lbank3                    bank3        0000
__LbssBANK0                 bssBANK0     0000
__LbssCOMMON                bssCOMMON    0000
__Lcinit                    cinit        000F
__Lclrtext                  clrtext      0000
__Lcode                     code         0000
__Lcommon                   common       0000
__Lconfig                   config       0000
__LcstackBANK0              cstackBANK0  0000
__LcstackCOMMON             cstackCOMMON 0000
__Leeprom_data              eeprom_data  0000
__Lend_init                 end_init     000C
__Lfunctab                  functab      0000
__Lidloc                    idloc        0000
__Linit                     init         000C
__Lintentry                 intentry     0004
__Lmaintext                 maintext     0000
__Lpowerup                  powerup      0000
__Lram                      ram          0000
__Lreset_vec                reset_vec    0000
__Lsfr0                     sfr0         0000
__Lsfr1                     sfr1         0000
__Lsfr2                     sfr2         0000
__Lsfr3                     sfr3         0000
__Lspace_0                  (abs)        0000
__Lspace_1                  (abs)        0000
__Lspace_2                  (abs)        0000
__Lspace_3                  (abs)        0000
__Lspace_4                  (abs)        0000
__Lstack                    stack        0000
__Lstrings                  strings      0000
__Ltext                     text         0000
__S0                        (abs)        0434
__S1                        (abs)        007A
__S3                        (abs)        0000
___awdiv                    text5        01B3
___awdiv@counter            cstackBANK0  0025
___awdiv@dividend           cstackBANK0  0022
___awdiv@divisor            cstackBANK0  0020
___awdiv@quotient           cstackBANK0  0027
___awdiv@sign               cstackBANK0  0026
___awmod                    text4        027E
___awmod@counter            cstackBANK0  002E
___awmod@dividend           cstackBANK0  002B
___awmod@divisor            cstackBANK0  0029
___awmod@sign               cstackBANK0  002F
___int_sp                   stack        0000
___latbits                  (abs)        0002
___sp                       stack        0000
___stackhi                  (abs)        0000
___stacklo                  (abs)        0000
__end_of_Lcd_Clear          text10       0420
__end_of_Lcd_Cmd            text11       03E6
__end_of_Lcd_Init           text9        027E
__end_of_Lcd_Port           text12       03CA
__end_of_Lcd_Set_Cursor     text8        0325
__end_of_Lcd_Write_Char     text7        035E
__end_of_Lcd_Write_String   text6        0387
__end_of___awdiv            text5        021C
__end_of___awmod            text4        02D9
__end_of__initialization    cinit        0017
__end_of__stringtab         strings      0426
__end_of_adc_change_channel text3        0114
__end_of_adc_init           text2        03AA
__end_of_adc_read           text14       0434
__end_of_isr                text13       03FF
__end_of_main               maintext     01B3
__end_of_setup              text1        0413
__initialization            cinit        000F
__pbssBANK0                 bssBANK0     0032
__pbssCOMMON                bssCOMMON    0076
__pcstackBANK0              cstackBANK0  0020
__pcstackCOMMON             cstackCOMMON 0070
__pintentry                 intentry     0004
__pmaintext                 maintext     0114
__pstrings                  strings      0420
__ptext1                    text1        03FF
__ptext10                   text10       0413
__ptext11                   text11       03CA
__ptext12                   text12       03AA
__ptext13                   text13       03E6
__ptext14                   text14       042A
__ptext2                    text2        0387
__ptext3                    text3        001B
__ptext4                    text4        027E
__ptext5                    text5        01B3
__ptext6                    text6        035E
__ptext7                    text7        0325
__ptext8                    text8        02D9
__ptext9                    text9        021C
__stringbase                strings      0425
__stringtab                 strings      0420
_adc_change_channel         text3        001B
_adc_init                   text2        0387
_adc_read                   text14       042A
_adc_var                    bssBANK0     0032
_bandera                    bssCOMMON    0078
_isr                        text13       03E6
_main                       maintext     0114
_setup                      text1        03FF
adc_change_channel@channel  cstackBANK0  0020
adc_init@channel            cstackBANK0  0022
btemp                       (abs)        007E
end_of_initialization       cinit        0017
interrupt_function          intentry     0004
intlevel0                   functab      0000
intlevel1                   functab      0000
intlevel2                   functab      0000
intlevel3                   functab      0000
intlevel4                   functab      0000
intlevel5                   functab      0000
reset_vec                   reset_vec    0000
saved_w                     (abs)        007E
start                       init         000C
start_initialization        cinit        000F
wtemp0                      (abs)        007E


MODULE INFORMATION

Module		Function		Class		Link	Load	Size
C:\Program Files\Microchip\xc8\v2.40\pic\sources\c90\common\awdiv.c
		___awdiv       		CODE           	01B3	0000	105

C:\Program Files\Microchip\xc8\v2.40\pic\sources\c90\common\awdiv.c estimated size: 105

shared
		__stringtab    		STRING         	0420	0000	6
		__initialization		CODE           	000F	0000	8

shared estimated size: 14

ADC_setup.c
		_adc_read      		CODE           	042A	0000	10
		_adc_change_channel		CODE           	001B	0000	249
		_adc_init      		CODE           	0387	0000	35

ADC_setup.c estimated size: 294

C:\Program Files\Microchip\xc8\v2.40\pic\sources\c90\common\awmod.c
		___awmod       		CODE           	027E	0000	91

C:\Program Files\Microchip\xc8\v2.40\pic\sources\c90\common\awmod.c estimated size: 91

main.c
		_main          		CODE           	0114	0000	159
		_isr           		CODE           	03E6	0000	25
		_setup         		CODE           	03FF	0000	20

main.c estimated size: 204

LCD.c
		_Lcd_Write_String		CODE           	035E	0000	41
		_Lcd_Init      		CODE           	021C	0000	98
		_Lcd_Write_Char		CODE           	0325	0000	57
		_Lcd_Cmd       		CODE           	03CA	0000	28
		_Lcd_Set_Cursor		CODE           	02D9	0000	76
		_Lcd_Clear     		CODE           	0413	0000	13
		_Lcd_Port      		CODE           	03AA	0000	32

LCD.c estimated size: 345

