Microchip MPLAB XC8 Compiler V2.40

Linker command line:

-W-3 \
  --edf=C:\Program Files\Microchip\xc8\v2.40\pic\dat\20220703182018_en.msgs \
  -cn -h+dist/default/production\ED2_Lab_02.X.production.sym \
  --cmf=dist/default/production\ED2_Lab_02.X.production.cmf -z -Q16F887 \
  -oC:\Users\Gabriel\AppData\Local\Temp\xcAspfs.4 --defsym=__MPLAB_BUILD=1 \
  --fixupoverflow=error \
  -Mdist/default/production/ED2_Lab_02.X.production.map \
  --md=C:\Users\Gabriel\AppData\Local\Temp\xcAspfs.dat -E1 \
  -ver=XC8 Compiler --acfsm=1493 -ACODE=00h-07FFhx4 -ASTRCODE=00h-01FFFh \
  -ASTRING=00h-0FFhx32 -ACONST=00h-0FFhx32 -AENTRY=00h-0FFhx32 \
  -ACOMMON=070h-07Fh -ABANK0=020h-06Fh -ABANK1=0A0h-0EFh \
  -ABANK2=0110h-016Fh -ABANK3=0190h-01EFh \
  -ARAM=020h-06Fh,0A0h-0EFh,0110h-016Fh,0190h-01EFh \
  -AABS1=020h-07Fh,0A0h-0EFh,0110h-016Fh,0190h-01EFh -ASFR0=00h-01Fh \
  -ASFR1=080h-09Fh -ASFR2=0100h-010Fh -ASFR3=0180h-018Fh \
  -ACONFIG=02007h-02008h -DCONFIG=2 -AIDLOC=02000h-02003h -DIDLOC=2 \
  -AEEDATA=00h-0FFh/02100h -peeprom_data=EEDATA -DEEDATA=2 -DCODE=2 \
  -DSTRCODE=2 -DSTRING=2 -DCONST=2 -DENTRY=2 \
  -preset_vec=00h,intentry=04h,init,end_init -ppowerup=CODE -pcinit=CODE \
  -pfunctab=ENTRY -k C:\Users\Gabriel\AppData\Local\Temp\xcAspfs.o \
  dist/default/production\ED2_Lab_02.X.production.o 

Object code version is 3.11

Machine type is 16F887



                Name                               Link     Load   Length Selector   Space Scale
C:\Users\Gabriel\AppData\Local\Temp\xcAspfs.o
                end_init                             12       12        3        8       0
                reset_vec                             0        0        3        0       0
                config                             2007     2007        2        0       4
                idloc                              2000     2000        4        0       5
dist/default/production\ED2_Lab_02.X.production.o
                cinit                                15       15        D        8       0
                intentry                              4        4        E        8       0
                config                             2007     2007        2        0       4
                idloc                              2000     2000        4        0       5
                text27                              C93      C93        A     1926       0
                text26                              D80      D80       26     1B00       0
                text25                              EB9      EB9       44     1D72       0
                text24                              E07      E07       3A     1C0E       0
                text23                              D5B      D5B       25     1AB6       0
                text22                              CAA      CAA       12     1954       0
                text21                              200      200      1BE        8       0
                text20                              642      642       8E        8       0
                text19                              E41      E41       3C     1C82       0
                text18                              CFE      CFE       1C     19FC       0
                text17                              C9D      C9D        D     193A       0
                text16                              F46      F46       5B     1E8C       0
                text15                              DA6      DA6       2A     1B4C       0
                text14                              CE6      CE6       18     19CC       0
                text13                              741      741       64        8       0
                text12                              D1A      D1A       1E     1A34       0
                text11                              7A5      7A5       5B        8       0
                text10                              549      549       F9        8       0
                text9                               D38      D38       23     1A70       0
                text8                               6D0      6D0       71        8       0
                text7                               DD0      DD0       37     1BA0       0
                text6                               EFD      EFD       49     1DFA       0
                text5                               CD0      CD0       16     19A0       0
                text4                               FA1      FA1       5F     1F42       0
                text3                               E7D      E7D       3C     1CFA       0
                text2                               CBC      CBC       14     1978       0
                text1                                22       22      1DE        8       0
                maintext                            3BE      3BE      18B        8       0
                cstackBANK0                          20       20       22       20       1
                cstackCOMMON                         70       70        E       70       1
                cstackBANK1                          A0       A0       22       A0       1
                clrtext                             C8B      C8B        8     1916       0
                bssBANK0                             42       42       11       20       1
                strings                             800      800       52     1000       0

TOTAL           Name                               Link     Load   Length     Space
        CLASS   CODE           
                end_init                             12       12        3         0
                cinit                                15       15        D         0
                intentry                              4        4        E         0
                reset_vec                             0        0        3         0
                text27                              C93      C93        A         0
                text26                              D80      D80       26         0
                text25                              EB9      EB9       44         0
                text24                              E07      E07       3A         0
                text23                              D5B      D5B       25         0
                text22                              CAA      CAA       12         0
                text21                              200      200      1BE         0
                text20                              642      642       8E         0
                text19                              E41      E41       3C         0
                text18                              CFE      CFE       1C         0
                text17                              C9D      C9D        D         0
                text16                              F46      F46       5B         0
                text15                              DA6      DA6       2A         0
                text14                              CE6      CE6       18         0
                text13                              741      741       64         0
                text12                              D1A      D1A       1E         0
                text11                              7A5      7A5       5B         0
                text10                              549      549       F9         0
                text9                               D38      D38       23         0
                text8                               6D0      6D0       71         0
                text7                               DD0      DD0       37         0
                text6                               EFD      EFD       49         0
                text5                               CD0      CD0       16         0
                text4                               FA1      FA1       5F         0
                text3                               E7D      E7D       3C         0
                text2                               CBC      CBC       14         0
                text1                                22       22      1DE         0
                maintext                            3BE      3BE      18B         0
                clrtext                             C8B      C8B        8         0

        CLASS   STRCODE        

        CLASS   STRING         
                strings                             800      800       52         0

        CLASS   CONST          

        CLASS   ENTRY          

        CLASS   COMMON         
                cstackCOMMON                         70       70        E         1

        CLASS   BANK0          
                cstackBANK0                          20       20       22         1
                bssBANK0                             42       42       11         1

        CLASS   BANK1          
                cstackBANK1                          A0       A0       22         1

        CLASS   BANK2          

        CLASS   BANK3          

        CLASS   RAM            

        CLASS   ABS1           
                abs_s1                               7E       7E        2         1

        CLASS   SFR0           

        CLASS   SFR1           

        CLASS   SFR2           

        CLASS   SFR3           

        CLASS   CONFIG         
                config                             2007     2007        2         4

        CLASS   IDLOC          
                idloc                              2000     2000        4         5

        CLASS   EEDATA         

        CLASS   STACK          



SEGMENTS        Name                           Load    Length   Top    Selector   Space  Class     Delta

                reset_vec                      000000  000003  000003         0       0  CODE        2
                intentry                       000004  0007FC  000800         8       0  CODE        2
                cstackBANK0                    000020  000033  000053        20       1  BANK0       1
                cstackCOMMON                   000070  00000E  00007E        70       1  COMMON      1
                cstackBANK1                    0000A0  000022  0000C2        A0       1  BANK1       1
                strings                        000800  000052  000852      1000       0  STRING      2
                clrtext                        000C8B  000008  000C93      1916       0  CODE        2
                text27                         000C93  00000A  000C9D      1926       0  CODE        2
                text17                         000C9D  00000D  000CAA      193A       0  CODE        2
                text22                         000CAA  000012  000CBC      1954       0  CODE        2
                text2                          000CBC  000014  000CD0      1978       0  CODE        2
                text5                          000CD0  000016  000CE6      19A0       0  CODE        2
                text14                         000CE6  000018  000CFE      19CC       0  CODE        2
                text18                         000CFE  00001C  000D1A      19FC       0  CODE        2
                text12                         000D1A  00001E  000D38      1A34       0  CODE        2
                text9                          000D38  000023  000D5B      1A70       0  CODE        2
                text23                         000D5B  000025  000D80      1AB6       0  CODE        2
                text26                         000D80  000026  000DA6      1B00       0  CODE        2
                text15                         000DA6  00002A  000DD0      1B4C       0  CODE        2
                text7                          000DD0  000037  000E07      1BA0       0  CODE        2
                text24                         000E07  00003A  000E41      1C0E       0  CODE        2
                text19                         000E41  00003C  000E7D      1C82       0  CODE        2
                text3                          000E7D  00003C  000EB9      1CFA       0  CODE        2
                text25                         000EB9  000044  000EFD      1D72       0  CODE        2
                text6                          000EFD  000049  000F46      1DFA       0  CODE        2
                text16                         000F46  00005B  000FA1      1E8C       0  CODE        2
                text4                          000FA1  00005F  001000      1F42       0  CODE        2


UNUSED ADDRESS RANGES

        Name                Unused          Largest block    Delta
        BANK0            0053-006F             1D           1
        BANK1            00C2-00EF             2E           1
        BANK2            0110-016F             60           1
        BANK3            0190-01EF             60           1
        CODE             0003-0003              1           2
                         0852-0C8A            439
                         1000-1FFF            800
        CONST            0003-0003              1           2
                         0852-0C8A            100
                         1000-1FFF            100
        EEDATA           2100-21FF            100           2
        ENTRY            0003-0003              1           2
                         0852-0C8A            100
                         1000-1FFF            100
        RAM              0053-006F             1D           1
                         00C2-00EF             2E
                         0110-016F             60
                         0190-01EF             60
        SFR0             0000-001F             20           1
        SFR1             0080-009F             20           1
        SFR2             0100-010F             10           1
        SFR3             0180-018F             10           1
        STRCODE          0003-0003              1           2
                         0852-0C8A            439
                         1000-1FFF           1000
        STRING           0003-0003              1           2
                         0852-0C8A            100
                         1000-1FFF            100

                                  Symbol Table

?___awdiv                   cstackBANK1  00A2
?___awmod                   cstackBANK1  00AA
?___lwdiv                   cstackBANK0  003D
?___lwmod                   cstackBANK1  00A3
?___wmul                    cstackBANK0  003D
?_adc_read                  cstackCOMMON 0070
?_map_adc_volt              cstackBANK1  00AA
?_sprintf                   cstackBANK1  00A9
?i1___lwdiv                 cstackCOMMON 0070
?i1___lwmod                 cstackCOMMON 0078
?i1___wmul                  cstackCOMMON 0070
?i1_sprintf                 cstackBANK0  0020
Lcd_Cmd@a                   cstackBANK0  0040
Lcd_Port@a                  cstackBANK0  003D
Lcd_Set_Cursor@a            cstackBANK1  00A0
Lcd_Set_Cursor@b            cstackBANK0  0041
Lcd_Set_Cursor@temp         cstackBANK1  00A1
Lcd_Write_Char@a            cstackBANK0  003F
Lcd_Write_String@a          cstackBANK0  0040
Lcd_Write_String@i          cstackBANK1  00A3
UART_config@baudrate        cstackBANK0  003D
_ADCON0bits                 (abs)        001F
_ADCON1bits                 (abs)        009F
_ADRESH                     (abs)        001E
_ANSEL                      (abs)        0188
_ANSELH                     (abs)        0189
_INTCONbits                 (abs)        000B
_Lcd_Clear                  text17       0C9D
_Lcd_Cmd                    text18       0CFE
_Lcd_Init                   text16       0F46
_Lcd_Port                   text19       0E41
_Lcd_Set_Cursor             text15       0DA6
_Lcd_Write_Char             text14       0CE6
_Lcd_Write_String           text13       0741
_OSCCONbits                 (abs)        008F
_PIE1bits                   (abs)        008C
_PIR1bits                   (abs)        000C
_PORTA                      (abs)        0005
_PORTB                      (abs)        0006
_PORTC                      (abs)        0007
_PORTCbits                  (abs)        0007
_PORTD                      (abs)        0008
_PORTDbits                  (abs)        0008
_PORTE                      (abs)        0009
_RCREG                      (abs)        001A
_RCSTAbits                  (abs)        0018
_SPBRG                      (abs)        0099
_TRISB                      (abs)        0086
_TRISC                      (abs)        0087
_TRISD                      (abs)        0088
_TXREG                      (abs)        0019
_TXSTAbits                  (abs)        0098
_UART_config                text12       0D1A
__Habs1                     abs1         0000
__Hbank0                    bank0        0000
__Hbank1                    bank1        0000
__Hbank2                    bank2        0000
__Hbank3                    bank3        0000
__HbssBANK0                 bssBANK0     0000
__Hcinit                    cinit        0022
__Hclrtext                  clrtext      0000
__Hcode                     code         0000
__Hcommon                   common       0000
__Hconfig                   config       2009
__HcstackBANK0              cstackBANK0  0000
__HcstackBANK1              cstackBANK1  0000
__HcstackCOMMON             cstackCOMMON 0000
__Heeprom_data              eeprom_data  0000
__Hend_init                 end_init     0015
__Hfunctab                  functab      0000
__Hidloc                    idloc        2004
__Hinit                     init         0012
__Hintentry                 intentry     0012
__Hmaintext                 maintext     0000
__Hpowerup                  powerup      0000
__Hram                      ram          0000
__Hreset_vec                reset_vec    0003
__Hsfr0                     sfr0         0000
__Hsfr1                     sfr1         0000
__Hsfr2                     sfr2         0000
__Hsfr3                     sfr3         0000
__Hspace_0                  (abs)        1000
__Hspace_1                  (abs)        00C2
__Hspace_2                  (abs)        0000
__Hspace_3                  (abs)        0000
__Hspace_4                  (abs)        4010
__Hstack                    stack        0000
__Hstrings                  strings      0000
__Htext                     text         0000
__Labs1                     abs1         0000
__Lbank0                    bank0        0000
__Lbank1                    bank1        0000
__Lbank2                    bank2        0000
__Lbank3                    bank3        0000
__LbssBANK0                 bssBANK0     0000
__Lcinit                    cinit        0015
__Lclrtext                  clrtext      0000
__Lcode                     code         0000
__Lcommon                   common       0000
__Lconfig                   config       0000
__LcstackBANK0              cstackBANK0  0000
__LcstackBANK1              cstackBANK1  0000
__LcstackCOMMON             cstackCOMMON 0000
__Leeprom_data              eeprom_data  0000
__Lend_init                 end_init     0012
__Lfunctab                  functab      0000
__Lidloc                    idloc        0000
__Linit                     init         0012
__Lintentry                 intentry     0004
__Lmaintext                 maintext     0000
__Lpowerup                  powerup      0000
__Lram                      ram          0000
__Lreset_vec                reset_vec    0000
__Lsfr0                     sfr0         0000
__Lsfr1                     sfr1         0000
__Lsfr2                     sfr2         0000
__Lsfr3                     sfr3         0000
__Lspace_0                  (abs)        0000
__Lspace_1                  (abs)        0000
__Lspace_2                  (abs)        0000
__Lspace_3                  (abs)        0000
__Lspace_4                  (abs)        0000
__Lstack                    stack        0000
__Lstrings                  strings      0000
__Ltext                     text         0000
__S0                        (abs)        1000
__S1                        (abs)        00C2
__S3                        (abs)        0000
___awdiv                    text8        06D0
___awdiv@counter            cstackBANK1  00A6
___awdiv@dividend           cstackBANK1  00A4
___awdiv@divisor            cstackBANK1  00A2
___awdiv@quotient           cstackBANK1  00A8
___awdiv@sign               cstackBANK1  00A7
___awmod                    text11       07A5
___awmod@counter            cstackBANK1  00AF
___awmod@dividend           cstackBANK1  00AC
___awmod@divisor            cstackBANK1  00AA
___awmod@sign               cstackBANK1  00B0
___int_sp                   stack        0000
___latbits                  (abs)        0002
___lwdiv                    text4        0FA1
___lwdiv@counter            cstackBANK1  00A0
___lwdiv@dividend           cstackBANK0  003F
___lwdiv@divisor            cstackBANK0  003D
___lwdiv@quotient           cstackBANK1  00A1
___lwmod                    text3        0E7D
___lwmod@counter            cstackBANK1  00A8
___lwmod@dividend           cstackBANK1  00A5
___lwmod@divisor            cstackBANK1  00A3
___sp                       stack        0000
___stackhi                  (abs)        0000
___stacklo                  (abs)        0000
___wmul                     text7        0DD0
___wmul@multiplicand        cstackBANK0  003F
___wmul@multiplier          cstackBANK0  003D
___wmul@product             cstackBANK1  00A0
__end_of_Lcd_Clear          text17       0CAA
__end_of_Lcd_Cmd            text18       0D1A
__end_of_Lcd_Init           text16       0FA1
__end_of_Lcd_Port           text19       0E7D
__end_of_Lcd_Set_Cursor     text15       0DD0
__end_of_Lcd_Write_Char     text14       0CFE
__end_of_Lcd_Write_String   text13       07A5
__end_of_UART_config        text12       0D38
__end_of___awdiv            text8        0741
__end_of___awmod            text11       0800
__end_of___lwdiv            text4        1000
__end_of___lwmod            text3        0EB9
__end_of___wmul             text7        0E07
__end_of__initialization    cinit        001E
__end_of__stringtab         strings      0810
__end_of_adc_change_channel text10       0642
__end_of_adc_init           text9        0D5B
__end_of_adc_read           text27       0C9D
__end_of_cadena             text26       0DA6
__end_of_dpowers            strings      081A
__end_of_isdigit            text2        0CD0
__end_of_isr                text20       06D0
__end_of_main               maintext     0549
__end_of_map_adc_volt       text6        0F46
__end_of_setup              text5        0CE6
__end_of_sprintf            text1        0200
__end_ofi1___lwdiv          text25       0EFD
__end_ofi1___lwmod          text24       0E41
__end_ofi1___wmul           text23       0D80
__end_ofi1_isdigit          text22       0CBC
__end_ofi1_sprintf          text21       03BE
__initialization            cinit        0015
__pbssBANK0                 bssBANK0     0042
__pcstackBANK0              cstackBANK0  0020
__pcstackBANK1              cstackBANK1  00A0
__pcstackCOMMON             cstackCOMMON 0070
__pintentry                 intentry     0004
__pmaintext                 maintext     03BE
__pstrings                  strings      0800
__ptext1                    text1        0022
__ptext10                   text10       0549
__ptext11                   text11       07A5
__ptext12                   text12       0D1A
__ptext13                   text13       0741
__ptext14                   text14       0CE6
__ptext15                   text15       0DA6
__ptext16                   text16       0F46
__ptext17                   text17       0C9D
__ptext18                   text18       0CFE
__ptext19                   text19       0E41
__ptext2                    text2        0CBC
__ptext20                   text20       0642
__ptext21                   text21       0200
__ptext22                   text22       0CAA
__ptext23                   text23       0D5B
__ptext24                   text24       0E07
__ptext25                   text25       0EB9
__ptext26                   text26       0D80
__ptext27                   text27       0C93
__ptext3                    text3        0E7D
__ptext4                    text4        0FA1
__ptext5                    text5        0CD0
__ptext6                    text6        0EFD
__ptext7                    text7        0DD0
__ptext8                    text8        06D0
__ptext9                    text9        0D38
__stringbase                strings      080F
__stringtab                 strings      0800
_adc_change_channel         text10       0549
_adc_init                   text9        0D38
_adc_read                   text27       0C93
_adc_var                    bssBANK0     0048
_cadena                     text26       0D80
_cen_volt                   bssBANK0     004C
_counter                    bssBANK0     0042
_dec_volt                   bssBANK0     004D
_display                    bssBANK0     004F
_display_counter            bssBANK0     0052
_dpowers                    strings      0810
_isdigit                    text2        0CBC
_isdigit$1045               cstackBANK0  003D
_isr                        text20       0642
_main                       maintext     03BE
_map_adc_volt               text6        0EFD
_setup                      text5        0CD0
_sprintf                    text1        0022
_uni_volt                   bssBANK0     004E
_voltage1                   bssBANK0     0044
adc_change_channel@channel  cstackBANK0  003D
adc_init@channel            cstackBANK0  003F
btemp                       (abs)        007E
cadena@cursor               cstackCOMMON 0070
clear_ram0                  clrtext      0C8B
end_of_initialization       cinit        001E
i1___lwdiv                  text25       0EB9
i1___lwdiv@counter          cstackCOMMON 0077
i1___lwdiv@dividend         cstackCOMMON 0072
i1___lwdiv@divisor          cstackCOMMON 0070
i1___lwdiv@quotient         cstackCOMMON 0075
i1___lwmod                  text24       0E07
i1___lwmod@counter          cstackCOMMON 007D
i1___lwmod@dividend         cstackCOMMON 007A
i1___lwmod@divisor          cstackCOMMON 0078
i1___wmul                   text23       0D5B
i1___wmul@multiplicand      cstackCOMMON 0072
i1___wmul@multiplier        cstackCOMMON 0070
i1___wmul@product           cstackCOMMON 0074
i1_isdigit                  text22       0CAA
i1_isdigit$1045             cstackCOMMON 0070
i1_sprintf                  text21       0200
i1isdigit@c                 cstackCOMMON 0071
i1sprintf@ap                cstackBANK0  002A
i1sprintf@c                 cstackBANK0  0032
i1sprintf@f                 cstackBANK0  0020
i1sprintf@flag              cstackBANK0  002E
i1sprintf@prec              cstackBANK0  002B
i1sprintf@sp                cstackBANK0  0031
i1sprintf@val               cstackBANK0  002C
i1sprintf@width             cstackBANK0  002F
interrupt_function          intentry     0004
intlevel0                   functab      0000
intlevel1                   functab      0000
intlevel2                   functab      0000
intlevel3                   functab      0000
intlevel4                   functab      0000
intlevel5                   functab      0000
isdigit@c                   cstackBANK0  003E
map_adc_volt@inputmax       cstackBANK1  00AE
map_adc_volt@inputmin       cstackBANK1  00AC
map_adc_volt@outmax         cstackBANK1  00B2
map_adc_volt@outmin         cstackBANK1  00B0
map_adc_volt@value          cstackBANK1  00AA
reset_vec                   reset_vec    0000
saved_w                     (abs)        007E
sprintf@ap                  cstackBANK1  00B3
sprintf@c                   cstackBANK1  00BB
sprintf@f                   cstackBANK1  00A9
sprintf@flag                cstackBANK1  00B7
sprintf@prec                cstackBANK1  00B4
sprintf@sp                  cstackBANK1  00BA
sprintf@val                 cstackBANK1  00B5
sprintf@width               cstackBANK1  00B8
start                       init         0012
start_initialization        cinit        0015
wtemp0                      (abs)        007E


MODULE INFORMATION

Module		Function		Class		Link	Load	Size
UART.c
		_UART_config   		CODE           	0D1A	0000	30

UART.c estimated size: 30

C:\Program Files\Microchip\xc8\v2.40\pic\sources\c90\common\awdiv.c
		___awdiv       		CODE           	06D0	0000	113

C:\Program Files\Microchip\xc8\v2.40\pic\sources\c90\common\awdiv.c estimated size: 113

C:\Program Files\Microchip\xc8\v2.40\pic\sources\c90\common\doprnt.c
		_sprintf       		CODE           	0022	0000	478

C:\Program Files\Microchip\xc8\v2.40\pic\sources\c90\common\doprnt.c estimated size: 478

C:\Program Files\Microchip\xc8\v2.40\pic\sources\c90\common\Umul16.c
		___wmul        		CODE           	0DD0	0000	55

C:\Program Files\Microchip\xc8\v2.40\pic\sources\c90\common\Umul16.c estimated size: 55

C:\Program Files\Microchip\xc8\v2.40\pic\sources\c90\common\lwmod.c
		___lwmod       		CODE           	0E7D	0000	60

C:\Program Files\Microchip\xc8\v2.40\pic\sources\c90\common\lwmod.c estimated size: 60

shared
		__stringtab    		STRING         	0800	0000	16
		i1___lwdiv     		CODE           	0EB9	0000	68
		_dpowers       		STRING         	0810	0000	10
		i1_isdigit     		CODE           	0CAA	0000	18
		i1___wmul      		CODE           	0D5B	0000	37
		i1___lwmod     		CODE           	0E07	0000	58
		__initialization		CODE           	0015	0000	9
		i1_sprintf     		CODE           	0200	0000	446

shared estimated size: 662

ADC_setup.c
		_map_adc_volt  		CODE           	0EFD	0000	73
		_adc_read      		CODE           	0C93	0000	10
		_adc_change_channel		CODE           	0549	0000	249
		_adc_init      		CODE           	0D38	0000	35

ADC_setup.c estimated size: 367

C:\Program Files\Microchip\xc8\v2.40\pic\sources\c90\common\isdigit.c
		_isdigit       		CODE           	0CBC	0000	20

C:\Program Files\Microchip\xc8\v2.40\pic\sources\c90\common\isdigit.c estimated size: 20

C:\Program Files\Microchip\xc8\v2.40\pic\sources\c90\common\awmod.c
		___awmod       		CODE           	07A5	0000	91

C:\Program Files\Microchip\xc8\v2.40\pic\sources\c90\common\awmod.c estimated size: 91

main.c
		_main          		CODE           	03BE	0000	395
		_cadena        		CODE           	0D80	0000	38
		_isr           		CODE           	0642	0000	142
		_setup         		CODE           	0CD0	0000	22

main.c estimated size: 597

C:\Program Files\Microchip\xc8\v2.40\pic\sources\c90\common\lwdiv.c
		___lwdiv       		CODE           	0FA1	0000	95

C:\Program Files\Microchip\xc8\v2.40\pic\sources\c90\common\lwdiv.c estimated size: 95

LCD.c
		_Lcd_Write_String		CODE           	0741	0000	100
		_Lcd_Init      		CODE           	0F46	0000	91
		_Lcd_Write_Char		CODE           	0CE6	0000	24
		_Lcd_Cmd       		CODE           	0CFE	0000	28
		_Lcd_Set_Cursor		CODE           	0DA6	0000	42
		_Lcd_Clear     		CODE           	0C9D	0000	13
		_Lcd_Port      		CODE           	0E41	0000	60

LCD.c estimated size: 358

